Adding "qemu"'s dependency "all" to list of commands with default set of options.
Executing action: all (aliases: build)
Running ninja in directory /Users/bash/dev/src/github.com/bash0C7/R2P2-ESP32/build-qemu-evq
Executing "ninja all"...
[1/5] cd /Users/bash/dev/src/github.com/bash0C7/R2P2-ESP32/build-qemu-evq/esp-idf/esptool_py && /Users/bash/.espressif/python_env/idf5.5_py3.12_env/bin/python /Users/bash/esp/esp-idf-v5.5.4/components/partition_table/check_sizes.py --offset 0x8000 partition --type app /Users/bash/dev/src/github.com/bash0C7/R2P2-ESP32/build-qemu-evq/partition_table/partition-table.bin /Users/bash/dev/src/github.com/bash0C7/R2P2-ESP32/build-qemu-evq/R2P2-ESP32.bin
R2P2-ESP32.bin binary size 0x13bcb0 bytes. Smallest app partition is 0x200000 bytes. 0xc4350 bytes (38%) free.
[2/5] Performing build step for 'bootloader'
[1/1] cd /Users/bash/dev/src/github.com/bash0C7/R2P2-ESP32/build-qemu-evq/bootloader/esp-idf/esptool_py && /Users/bash/.espressif/python_env/idf5.5_py3.12_env/bin/python /Users/bash/esp/esp-idf-v5.5.4/components/partition_table/check_sizes.py --offset 0x8000 bootloader 0x0 /Users/bash/dev/src/github.com/bash0C7/R2P2-ESP32/build-qemu-evq/bootloader/bootloader.bin
Bootloader binary size 0x5160 bytes. 0x2ea0 bytes (36%) free.
[3/5] cd /Users/bash/dev/src/github.com/bash0C7/R2P2-ESP32/build-qemu-evq/esp-idf/main && /Users/bash/dev/src/github.com/bash0C7/R2P2-ESP32/build-qemu-evq/littlefs_py_venv/bin/littlefs-python create /Users/bash/dev/src/github.com/bash0C7/R2P2-ESP32/storage /Users/bash/dev/src/github.com/bash0C7/R2P2-ESP32/build-qemu-evq/storage.bin -v --fs-size=0x100000 --name-max=64 --block-size=4096
LittleFS Configuration:
  Block Size:       4096  /  0x1000
  Image Size:    1048576  /  0x100000
  Block Count:       256
  Name Max:           64
  Image:       /Users/bash/dev/src/github.com/bash0C7/R2P2-ESP32/build-qemu-evq/storage.bin
Adding Directory: home
Adding Directory: etc
Adding File:      home/app.rb
Adding File:      home/.keep
Adding File:      etc/.keep
[4/5] No install step for 'bootloader'
[5/5] Completed 'bootloader'
[0;33mGenerating flash image: /Users/bash/dev/src/github.com/bash0C7/R2P2-ESP32/build-qemu-evq/qemu_flash.bin[0m
esptool.py --chip=esp32s3 merge_bin --output=/Users/bash/dev/src/github.com/bash0C7/R2P2-ESP32/build-qemu-evq/qemu_flash.bin --fill-flash-size=4MB --flash_mode dio --flash_freq 80m --flash_size 4MB 0x0 bootloader/bootloader.bin 0x10000 R2P2-ESP32.bin 0x8000 partition_table/partition-table.bin 0x210000 storage.bin
esptool.py v4.12.0
SHA digest in image updated
Wrote 0x400000 bytes to file /Users/bash/dev/src/github.com/bash0C7/R2P2-ESP32/build-qemu-evq/qemu_flash.bin, ready to flash to offset 0x0
[0;33mUsing existing efuse image: /Users/bash/dev/src/github.com/bash0C7/R2P2-ESP32/build-qemu-evq/qemu_efuse.bin[0m
[0;33mRunning qemu (fg): qemu-system-xtensa -M esp32s3 -m 32M -drive file=/Users/bash/dev/src/github.com/bash0C7/R2P2-ESP32/build-qemu-evq/qemu_flash.bin,if=mtd,format=raw -drive file=/Users/bash/dev/src/github.com/bash0C7/R2P2-ESP32/build-qemu-evq/qemu_efuse.bin,if=none,format=raw,id=efuse -global driver=nvram.esp32s3.efuse,property=drive,value=efuse -global driver=timer.esp32s3.timg,property=wdt_disable,value=true -nic user,model=open_eth -nographic -serial mon:stdio -m 8M[0m
Adding SPI flash device
ESP-ROM:esp32s3-20210327
Build:Mar 27 2021
rst:0x1 (POWERON),boot:0x4 (SPI_FLASH_BOOT)
SPIWP:0xee
mode:DIO, clock div:1
load:0x3fce2820,len:0x14f0
load:0x403c8700,len:0xd24
load:0x403cb700,len:0x2ef0
entry 0x403c8924
I (20) boot: ESP-IDF v5.5.4 2nd stage bootloader
I (21) boot: compile time Sep 29 2026 02:21:44
I (21) boot: Multicore bootloader
I (25) boot: chip revision: v0.3
I (26) boot: efuse block revision: v1.0
I (27) boot.esp32s3: Boot SPI Speed : 80MHz
I (27) boot.esp32s3: SPI Mode       : SLOW READ
I (27) boot.esp32s3: SPI Flash Size : 4MB
I (29) boot: Enabling RNG early entropy source...
I (35) boot: Partition Table:
I (35) boot: ## Label            Usage          Type ST Offset   Length
I (35) boot:  0 nvs              WiFi data        01 02 00009000 00006000
I (36) boot:  1 phy_init         RF data          01 01 0000f000 00001000
I (36) boot:  2 factory          factory app      00 00 00010000 00200000
I (37) boot:  3 storage          Unknown data     01 83 00210000 00100000
I (37) boot: End of partition table
I (38) esp_image: segment 0: paddr=00010020 vaddr=3c0c0020 size=7007ch (458876) map
I (99) esp_image: segment 1: paddr=000800a4 vaddr=3fc98700 size=04370h ( 17264) load
I (102) esp_image: segment 2: paddr=0008441c vaddr=40374000 size=0bbfch ( 48124) load
I (109) esp_image: segment 3: paddr=00090020 vaddr=42000020 size=b312ch (733484) map
I (209) esp_image: segment 4: paddr=00143154 vaddr=4037fbfc size=08ab0h ( 35504) load
I (214) esp_image: segment 5: paddr=0014bc0c vaddr=50000000 size=00020h (    32) load
I (215) esp_image: segment 6: paddr=0014bc34 vaddr=600fe000 size=00058h (    88) load
I (217) boot: Loaded app from partition at offset 0x10000
I (217) boot: Disabling RNG early entropy source...
I (230) cpu_start: Multicore app
I (241) cpu_start: GPIO 44 and 43 are used as console UART I/O pins
I (243) cpu_start: Pro cpu start user code
I (243) cpu_start: cpu freq: 160000000 Hz
I (244) app_init: Application information:
I (244) app_init: Project name:     R2P2-ESP32
I (244) app_init: App version:      0.2.23-36-g8b769e79-dirty
I (244) app_init: Compile time:     Sep 29 2026 02:21:32
I (244) app_init: ELF file SHA256:  964afa8be...
I (244) app_init: ESP-IDF:          v5.5.4
I (244) efuse_init: Min chip rev:     v0.0
I (244) efuse_init: Max chip rev:     v0.99 
I (244) efuse_init: Chip rev:         v0.3
I (245) heap_init: Initializing. RAM available for dynamic allocation:
I (245) heap_init: At 3FCD8D90 len 00010980 (66 KiB): RAM
I (245) heap_init: At 3FCE9710 len 00005724 (21 KiB): RAM
I (245) heap_init: At 3FCF0000 len 00008000 (32 KiB): DRAM
I (245) heap_init: At 600FE058 len 00001F90 (7 KiB): RTCRAM
I (250) spi_flash: detected chip: gd
I (250) spi_flash: flash io: dio
I (252) sleep_gpio: Configure to isolate all GPIO pins in sleep state
I (252) sleep_gpio: Enable automatic switching of GPIO sleep configuration
I (254) main_task: Started on CPU0
I (254) main_task: Calling app_main()
I (264) main_task: Returned from app_main()
warning: already initialized constant STDIN
warning: already initialized constant STDOUT
Initializing FLASH disk as the root volume... 
Creating directory: bin
Creating directory: etc/init.d
Creating directory: etc/network
Creating directory: etc/dfu
Creating directory: var
Creating directory: var/log
Creating directory: lib
Not found: /bin/cat, Writing 153 bytes
Not found: /bin/cp, Writing 683 bytes
Not found: /bin/date, Writing 103 bytes
Not found: /bin/df, Writing 497 bytes
Not found: /bin/dfuble, Writing 1361 bytes
Not found: /bin/dfucat, Writing 466 bytes
Not found: /bin/dfucli, Writing 590 bytes
Not found: /bin/dfutcp, Writing 970 bytes
Not found: /bin/free, Writing 190 bytes
Not found: /bin/head, Writing 913 bytes
Not found: /bin/hello, Writing 92 bytes
Not found: /bin/ifconfig, Writing 739 bytes
Not found: /bin/install, Writing 694 bytes
Not found: /bin/irb, Writing 141 bytes
Not found: /bin/looper, Writing 2163 bytes
Not found: /bin/ls, Writing 1235 bytes
Not found: /bin/mkdir, Writing 98 bytes
Not found: /bin/mv, Writing 464 bytes
Not found: /bin/nmble, Writing 4872 bytes
Not found: /bin/nmcli, Writing 1600 bytes
Not found: /bin/ntpdate, Writing 913 bytes
Not found: /bin/ping, Writing 675 bytes
Not found: /etc/init.d/r2p2, Writing 865 bytes
Not found: /bin/rapicco, Writing 340 bytes
Not found: /bin/rm, Writing 231 bytes
Not found: /bin/setup_rtc, Writing 564 bytes
Not found: /bin/setup_sdcard, Writing 654 bytes
Not found: /bin/sl, Writing 5334 bytes
Not found: /bin/tail, Writing 1060 bytes
Not found: /bin/taskstat, Writing 922 bytes
Not found: /bin/touch, Writing 195 bytes
Not found: /bin/uptime, Writing 481 bytes
Not found: /bin/vim, Writing 131 bytes
Not found: /bin/wifi_connect, Writing 2679 bytes
Not found: /bin/wifi_disconnect, Writing 651 bytes
Not found: /etc/machine-id, Writing 12 bytes
Available
File /etc/network/wifi.yml does not exist
Loading app.rb
I (6084) prb_ble_evq: esp_timer_create(heartbeat) -> ESP_OK
I (6084) prb_ble_evq: BLE_hci_power_control(1): started=1
I (6084) prb_ble_evq: esp_timer_start_periodic(heartbeat) -> ESP_OK, is_active=1
I (6084) prb_ble_evq: picoruby_ble_synth_state_working: enqueueing EVT_BTSTACK_STATE/HCI_STATE_WORKING
[rig] inject seq=1 t=8470
[rigapp] recv seq=1 t=8475
[rig] inject seq=2 t=8973
[rigapp] recv seq=2 t=8975
[rig] inject seq=3 t=9472
[rigapp] recv seq=3 t=9474
[rig] inject seq=4 t=9970
[rigapp] recv seq=4 t=9972
[rig] inject seq=5 t=10473
[rigapp] recv seq=5 t=10485
[rig] inject seq=6 t=10972
[rigapp] recv seq=6 t=10974
[rig] inject seq=7 t=11472
[rigapp] recv seq=7 t=11474
[rig] inject seq=8 t=11972
[rigapp] recv seq=8 t=11974
[rig] inject seq=9 t=12473
[rigapp] recv seq=9 t=12475
[rig] inject seq=10 t=12972
[rigapp] recv seq=10 t=12974
[rig] inject seq=11 t=13472
[rigapp] recv seq=11 t=13474
[rig] inject seq=12 t=13970
[rigapp] recv seq=12 t=13986
[rig] inject seq=13 t=14474
[rigapp] recv seq=13 t=14478
[rig] inject seq=14 t=14972
[rigapp] recv seq=14 t=14984
[rig] inject seq=15 t=15471
[rigapp] recv seq=15 t=15473
[rig] inject seq=16 t=15975
[rigapp] recv seq=16 t=15977
[rig] inject seq=17 t=16475
[rigapp] recv seq=17 t=16484
[rig] inject seq=18 t=16970
[rigapp] recv seq=18 t=16985
[rig] inject seq=19 t=17470
[rigapp] recv seq=19 t=17472
[rig] inject seq=20 t=17970
[rigapp] recv seq=20 t=17973
[rig] inject seq=21 t=18472
[rigapp] recv seq=21 t=18474
[rig] inject seq=22 t=18480
[rigapp] recv seq=22 t=18482
[rig] inject seq=23 t=18491
[rig] inject seq=24 t=18502
[rigapp] recv seq=23 t=18504
[rigapp] recv seq=24 t=18506
[rig] inject seq=25 t=18511
[rigapp] recv seq=25 t=18514
[rig] inject seq=26 t=18524
[rigapp] recv seq=26 t=18526
[rig] inject seq=27 t=18530
[rigapp] recv seq=27 t=18532
[rig] inject seq=28 t=18541
[rigapp] recv seq=28 t=18543
[rig] inject seq=29 t=18553
[rig] inject seq=30 t=18561
[rigapp] recv seq=29 t=18563
[rigapp] recv seq=30 t=18565
[rig] inject seq=31 t=18574
[rig] inject seq=32 t=18583
[rigapp] recv seq=31 t=18585
[rigapp] recv seq=32 t=18587
[rig] inject seq=33 t=18592
[rigapp] recv seq=33 t=18594
[rig] inject seq=34 t=18604
[rigapp] recv seq=34 t=18606
[rig] inject seq=35 t=18613
[rig] inject seq=36 t=18622
[rigapp] recv seq=35 t=18624
[rigapp] recv seq=36 t=18626
[rig] inject seq=37 t=18632
[rig] inject seq=38 t=18642
[rigapp] recv seq=37 t=18644
[rigapp] recv seq=38 t=18646
[rig] inject seq=39 t=18653
[rig] inject seq=40 t=18661
[rigapp] recv seq=39 t=18663
[rigapp] recv seq=40 t=18665
[rig] inject seq=41 t=18670
[rigapp] recv seq=41 t=18671
[rig] inject seq=42 t=18681
[rigapp] recv seq=42 t=18683
[rig] inject seq=43 t=18693
[rig] inject seq=44 t=18702
[rigapp] recv seq=43 t=18704
[rigapp] recv seq=44 t=18707
[rig] inject seq=45 t=18709
[rigapp] recv seq=45 t=18711
[rig] inject seq=46 t=18724
[rig] inject seq=47 t=18732
[rigapp] recv seq=46 t=18734
[rigapp] recv seq=47 t=18737
[rig] inject seq=48 t=18742
[rigapp] recv seq=48 t=18744
[rig] inject seq=49 t=18753
[rigapp] recv seq=49 t=18755
[rig] inject seq=50 t=18762
[rig] inject seq=51 t=18771
[rigapp] recv seq=50 t=18772
[rigapp] recv seq=51 t=18774
[rig] inject seq=52 t=18780
[rigapp] recv seq=52 t=18781
[rig] inject seq=53 t=18795
[rigapp] recv seq=53 t=18797
[rig] inject seq=54 t=18801
[rigapp] recv seq=54 t=18803
[rig] inject seq=55 t=18809
[rig] inject seq=56 t=18825
[rigapp] recv seq=55 t=18827
[rigapp] recv seq=56 t=18830
[rig] inject seq=57 t=18832
[rig] inject seq=58 t=18840
[rigapp] recv seq=57 t=18842
[rigapp] recv seq=58 t=18844
[rig] inject seq=59 t=18849
[rigapp] recv seq=59 t=18851
[rig] inject seq=60 t=18864
[rigapp] recv seq=60 t=18866
qemu-system-xtensa: terminating on signal 15 from pid 20443 (<unknown process>)
