Adding "qemu"'s dependency "all" to list of commands with default set of options.
Executing action: all (aliases: build)
Running ninja in directory /Users/bash/dev/src/github.com/bash0C7/R2P2-ESP32/build-qemu-evq
Executing "ninja all"...
[1/5] cd /Users/bash/dev/src/github.com/bash0C7/R2P2-ESP32/build-qemu-evq/esp-idf/esptool_py && /Users/bash/.espressif/python_env/idf5.5_py3.12_env/bin/python /Users/bash/esp/esp-idf-v5.5.4/components/partition_table/check_sizes.py --offset 0x8000 partition --type app /Users/bash/dev/src/github.com/bash0C7/R2P2-ESP32/build-qemu-evq/partition_table/partition-table.bin /Users/bash/dev/src/github.com/bash0C7/R2P2-ESP32/build-qemu-evq/R2P2-ESP32.bin
R2P2-ESP32.bin binary size 0x17fd10 bytes. Smallest app partition is 0x200000 bytes. 0x802f0 bytes (25%) free.
[2/5] Performing build step for 'bootloader'
[1/1] cd /Users/bash/dev/src/github.com/bash0C7/R2P2-ESP32/build-qemu-evq/bootloader/esp-idf/esptool_py && /Users/bash/.espressif/python_env/idf5.5_py3.12_env/bin/python /Users/bash/esp/esp-idf-v5.5.4/components/partition_table/check_sizes.py --offset 0x8000 bootloader 0x0 /Users/bash/dev/src/github.com/bash0C7/R2P2-ESP32/build-qemu-evq/bootloader/bootloader.bin
Bootloader binary size 0x5160 bytes. 0x2ea0 bytes (36%) free.
[3/5] cd /Users/bash/dev/src/github.com/bash0C7/R2P2-ESP32/build-qemu-evq/esp-idf/main && /Users/bash/dev/src/github.com/bash0C7/R2P2-ESP32/build-qemu-evq/littlefs_py_venv/bin/littlefs-python create /Users/bash/dev/src/github.com/bash0C7/R2P2-ESP32/storage /Users/bash/dev/src/github.com/bash0C7/R2P2-ESP32/build-qemu-evq/storage.bin -v --fs-size=0x100000 --name-max=64 --block-size=4096
LittleFS Configuration:
  Block Size:       4096  /  0x1000
  Image Size:    1048576  /  0x100000
  Block Count:       256
  Name Max:           64
  Image:       /Users/bash/dev/src/github.com/bash0C7/R2P2-ESP32/build-qemu-evq/storage.bin
Adding Directory: home
Adding Directory: etc
Adding File:      home/app.rb
Adding File:      home/.keep
Adding File:      etc/.keep
[4/5] No install step for 'bootloader'
[5/5] Completed 'bootloader'
[0;33mGenerating flash image: /Users/bash/dev/src/github.com/bash0C7/R2P2-ESP32/build-qemu-evq/qemu_flash.bin[0m
esptool.py --chip=esp32s3 merge_bin --output=/Users/bash/dev/src/github.com/bash0C7/R2P2-ESP32/build-qemu-evq/qemu_flash.bin --fill-flash-size=4MB --flash_mode dio --flash_freq 80m --flash_size 4MB 0x0 bootloader/bootloader.bin 0x10000 R2P2-ESP32.bin 0x8000 partition_table/partition-table.bin 0x210000 storage.bin
esptool.py v4.12.0
SHA digest in image updated
Wrote 0x400000 bytes to file /Users/bash/dev/src/github.com/bash0C7/R2P2-ESP32/build-qemu-evq/qemu_flash.bin, ready to flash to offset 0x0
[0;33mUsing existing efuse image: /Users/bash/dev/src/github.com/bash0C7/R2P2-ESP32/build-qemu-evq/qemu_efuse.bin[0m
[0;33mRunning qemu (fg): qemu-system-xtensa -M esp32s3 -m 32M -drive file=/Users/bash/dev/src/github.com/bash0C7/R2P2-ESP32/build-qemu-evq/qemu_flash.bin,if=mtd,format=raw -drive file=/Users/bash/dev/src/github.com/bash0C7/R2P2-ESP32/build-qemu-evq/qemu_efuse.bin,if=none,format=raw,id=efuse -global driver=nvram.esp32s3.efuse,property=drive,value=efuse -global driver=timer.esp32s3.timg,property=wdt_disable,value=true -nic user,model=open_eth -nographic -serial mon:stdio -m 8M[0m
Adding SPI flash device
ESP-ROM:esp32s3-20210327
Build:Mar 27 2021
rst:0x1 (POWERON),boot:0x4 (SPI_FLASH_BOOT)
SPIWP:0xee
mode:DIO, clock div:1
load:0x3fce2820,len:0x14f0
load:0x403c8700,len:0xd24
load:0x403cb700,len:0x2ef0
entry 0x403c8924
I (13) boot: ESP-IDF v5.5.4 2nd stage bootloader
I (14) boot: compile time Sep 29 2026 02:01:49
I (14) boot: Multicore bootloader
I (16) boot: chip revision: v0.3
I (16) boot: efuse block revision: v1.0
I (17) boot.esp32s3: Boot SPI Speed : 80MHz
I (17) boot.esp32s3: SPI Mode       : SLOW READ
I (17) boot.esp32s3: SPI Flash Size : 4MB
I (18) boot: Enabling RNG early entropy source...
I (21) boot: Partition Table:
I (21) boot: ## Label            Usage          Type ST Offset   Length
I (21) boot:  0 nvs              WiFi data        01 02 00009000 00006000
I (22) boot:  1 phy_init         RF data          01 01 0000f000 00001000
I (22) boot:  2 factory          factory app      00 00 00010000 00200000
I (22) boot:  3 storage          Unknown data     01 83 00210000 00100000
I (23) boot: End of partition table
I (23) esp_image: segment 0: paddr=00010020 vaddr=3c0f0020 size=7989ch (497820) map
I (58) esp_image: segment 1: paddr=000898c4 vaddr=3fc98700 size=05b70h ( 23408) load
I (60) esp_image: segment 2: paddr=0008f43c vaddr=40374000 size=00bdch (  3036) load
I (61) esp_image: segment 3: paddr=00090020 vaddr=42000020 size=ec16ch (967020) map
I (127) esp_image: segment 4: paddr=0017c194 vaddr=40374bdc size=13ad0h ( 80592) load
I (134) esp_image: segment 5: paddr=0018fc6c vaddr=50000000 size=00020h (    32) load
I (134) esp_image: segment 6: paddr=0018fc94 vaddr=600fe000 size=00058h (    88) load
I (135) boot: Loaded app from partition at offset 0x10000
I (135) boot: Disabling RNG early entropy source...
I (141) cpu_start: Multicore app
I (151) cpu_start: GPIO 44 and 43 are used as console UART I/O pins
I (152) cpu_start: Pro cpu start user code
I (152) cpu_start: cpu freq: 160000000 Hz
I (153) app_init: Application information:
I (153) app_init: Project name:     R2P2-ESP32
I (153) app_init: App version:      0.2.23-36-g8b769e79-dirty
I (153) app_init: Compile time:     Sep 29 2026 02:01:40
I (153) app_init: ELF file SHA256:  803bdd0ff...
I (153) app_init: ESP-IDF:          v5.5.4
I (153) efuse_init: Min chip rev:     v0.0
I (153) efuse_init: Max chip rev:     v0.99 
I (153) efuse_init: Chip rev:         v0.3
I (153) heap_init: Initializing. RAM available for dynamic allocation:
I (153) heap_init: At 3FCDA640 len 0000F0D0 (60 KiB): RAM
I (153) heap_init: At 3FCE9710 len 00005724 (21 KiB): RAM
I (153) heap_init: At 3FCF0000 len 00008000 (32 KiB): DRAM
I (153) heap_init: At 600FE058 len 00001F90 (7 KiB): RTCRAM
I (156) spi_flash: detected chip: gd
I (156) spi_flash: flash io: dio
I (157) sleep_gpio: Configure to isolate all GPIO pins in sleep state
I (157) sleep_gpio: Enable automatic switching of GPIO sleep configuration
I (158) main_task: Started on CPU0
I (158) main_task: Calling app_main()
I (168) main_task: Returned from app_main()
Initializing FLASH disk as the root volume... 
Creating directory: bin
Creating directory: etc/init.d
Creating directory: etc/network
Creating directory: etc/dfu
Creating directory: var
Creating directory: var/log
Creating directory: lib
Not found: /bin/cat, Writing 153 bytes
Not found: /bin/cp, Writing 683 bytes
Not found: /bin/date, Writing 103 bytes
Not found: /bin/df, Writing 497 bytes
Not found: /bin/dfuble, Writing 1361 bytes
Not found: /bin/dfucat, Writing 466 bytes
Not found: /bin/dfucli, Writing 590 bytes
Not found: /bin/dfutcp, Writing 970 bytes
Not found: /bin/free, Writing 190 bytes
Not found: /bin/head, Writing 913 bytes
Not found: /bin/hello, Writing 92 bytes
Not found: /bin/ifconfig, Writing 739 bytes
Not found: /bin/install, Writing 694 bytes
Not found: /bin/irb, Writing 141 bytes
Not found: /bin/looper, Writing 2163 bytes
Not found: /bin/ls, Writing 1235 bytes
Not found: /bin/mkdir, Writing 98 bytes
Not found: /bin/mv, Writing 464 bytes
Not found: /bin/nmble, Writing 4872 bytes
Not found: /bin/nmcli, Writing 1600 bytes
Not found: /bin/ntpdate, Writing 913 bytes
Not found: /bin/ping, Writing 675 bytes
Not found: /etc/init.d/r2p2, Writing 865 bytes
Not found: /bin/rapicco, Writing 340 bytes
Not found: /bin/rm, Writing 231 bytes
Not found: /bin/setup_rtc, Writing 564 bytes
Not found: /bin/setup_sdcard, Writing 654 bytes
Not found: /bin/sl, Writing 5334 bytes
Not found: /bin/tail, Writing 1060 bytes
Not found: /bin/taskstat, Writing 922 bytes
Not found: /bin/touch, Writing 195 bytes
Not found: /bin/uptime, Writing 481 bytes
Not found: /bin/vim, Writing 131 bytes
Not found: /bin/wifi_connect, Writing 2679 bytes
Not found: /bin/wifi_disconnect, Writing 651 bytes
Not found: /etc/machine-id, Writing 12 bytes
Available
File /etc/network/wifi.yml does not exist
Loading app.rb
I (3998) prb_ble_evq: esp_timer_create(heartbeat) -> ESP_OK
I (3998) prb_ble_evq: BLE_hci_power_control(1): started=1
I (3998) prb_ble_evq: esp_timer_start_periodic(heartbeat) -> ESP_OK, is_active=1
I (3998) prb_ble_evq: picoruby_ble_synth_state_working: enqueueing EVT_BTSTACK_STATE/HCI_STATE_WORKING
[rig] FOREIGN_PUSH BLE_heartbeat
[rig] FOREIGN_PUSH BLE_heartbeat
[rig] inject seq=1 t=6278
[rig] inject seq=2 t=6775
[rig] FOREIGN_PUSH BLE_heartbeat
[rigapp] recv seq=1 t=7191
[rigapp] recv seq=2 t=7197
[rig] inject seq=3 t=7276
[rig] inject seq=4 t=7777
[rig] FOREIGN_PUSH BLE_heartbeat
[rigapp] recv seq=3 t=8187
[rigapp] recv seq=4 t=8191
[rig] inject seq=5 t=8276
[rig] inject seq=6 t=8777
[rig] FOREIGN_PUSH BLE_heartbeat
[rigapp] recv seq=5 t=9201
[rigapp] recv seq=6 t=9203
[rig] inject seq=7 t=9286
[rig] inject seq=8 t=9796
[rig] FOREIGN_PUSH BLE_heartbeat
[rigapp] recv seq=7 t=10197
[rigapp] recv seq=8 t=10200
[rig] inject seq=9 t=10295
[rig] inject seq=10 t=10805
[rig] FOREIGN_PUSH BLE_heartbeat
[rigapp] recv seq=9 t=11190
[rigapp] recv seq=10 t=11192
[rig] inject seq=11 t=11306
[rig] inject seq=12 t=11816
[rig] FOREIGN_PUSH BLE_heartbeat
[rigapp] recv seq=11 t=12187
[rigapp] recv seq=12 t=12190
[rig] inject seq=13 t=12318
[rig] inject seq=14 t=12815
[rig] FOREIGN_PUSH BLE_heartbeat
[rigapp] recv seq=13 t=13187
[rigapp] recv seq=14 t=13190
[rig] inject seq=15 t=13316
[rig] inject seq=16 t=13816
[rig] FOREIGN_PUSH BLE_heartbeat
[rigapp] recv seq=15 t=14187
[rigapp] recv seq=16 t=14193
[rig] inject seq=17 t=14315
[rig] inject seq=18 t=14817
[rig] FOREIGN_PUSH BLE_heartbeat
[rigapp] recv seq=17 t=15187
[rigapp] recv seq=18 t=15190
[rig] inject seq=19 t=15316
[rig] inject seq=20 t=15816
[rig] FOREIGN_PUSH BLE_heartbeat
[rigapp] recv seq=19 t=16187
[rigapp] recv seq=20 t=16192
[rig] inject seq=21 t=16325
[rig] inject seq=22 t=16336
[rig] inject seq=23 t=16346
[rig] inject seq=24 t=16364
[rig] inject seq=25 t=16373
[rig] inject seq=26 t=16384
[rig] inject seq=27 t=16394
[rig] inject seq=28 t=16406
[rig] inject seq=29 t=16417
[rig] inject seq=30 t=16426
[rig] inject seq=31 t=16436
[rig] inject seq=32 t=16445
[rig] inject seq=33 t=16455
[rig] inject seq=34 t=16466
[rig] inject seq=35 t=16475
[rig] inject seq=36 t=16486
[rig] inject seq=37 t=16495
[rig] inject seq=38 t=16506
[rig] inject seq=39 t=16525
[rig] inject seq=40 t=16536
[rig] inject seq=41 t=16547
[rig] inject seq=42 t=16557
[rig] inject seq=43 t=16566
[rig] inject seq=44 t=16577
[rig] inject seq=45 t=16587
[rig] inject seq=46 t=16596
[rig] inject seq=47 t=16607
[rig] inject seq=48 t=16617
[rig] inject seq=49 t=16626
[rig] inject seq=50 t=16637
[rig] inject seq=51 t=16648
[rig] inject seq=52 t=16666
[rig] inject seq=53 t=16686
[rig] inject seq=54 t=16696
[rig] inject seq=55 t=16705
[rig] inject seq=56 t=16716
[rig] inject seq=57 t=16726
[rig] inject seq=58 t=16736
[rig] inject seq=59 t=16746
[rig] inject seq=60 t=16766
[rig] FOREIGN_PUSH BLE_heartbeat
[rigapp] recv seq=29 t=17187
[rigapp] recv seq=30 t=17190
[rigapp] recv seq=31 t=17193
[rigapp] recv seq=32 t=17198
[rigapp] recv seq=33 t=17201
[rigapp] recv seq=34 t=17203
[rigapp] recv seq=35 t=17206
[rigapp] recv seq=36 t=17216
[rigapp] recv seq=37 t=17219
[rigapp] recv seq=38 t=17220
[rigapp] recv seq=39 t=17222
[rigapp] recv seq=40 t=17226
[rigapp] recv seq=41 t=17227
[rigapp] recv seq=42 t=17229
[rigapp] recv seq=43 t=17230
[rigapp] recv seq=44 t=17233
[rigapp] recv seq=45 t=17235
[rigapp] recv seq=46 t=17236
[rigapp] recv seq=47 t=17237
[rigapp] recv seq=48 t=17241
[rigapp] recv seq=49 t=17242
[rigapp] recv seq=50 t=17243
[rigapp] recv seq=51 t=17244
[rigapp] recv seq=52 t=17247
[rigapp] recv seq=53 t=17248
[rigapp] recv seq=54 t=17249
[rigapp] recv seq=55 t=17250
[rigapp] recv seq=56 t=17252
[rigapp] recv seq=57 t=17253
[rigapp] recv seq=58 t=17254
[rigapp] recv seq=59 t=17255
[rigapp] recv seq=60 t=17258
[rig] FOREIGN_PUSH BLE_heartbeat
[rig] FOREIGN_PUSH BLE_heartbeat
[rig] FOREIGN_PUSH BLE_heartbeat
[rig] FOREIGN_PUSH BLE_heartbeat
[rig] FOREIGN_PUSH BLE_heartbeat
[rig] FOREIGN_PUSH BLE_heartbeat
[rig] FOREIGN_PUSH BLE_heartbeat
[rig] FOREIGN_PUSH BLE_heartbeat
qemu-system-xtensa: terminating on signal 15 from pid 57888 (<unknown process>)
